
> ancel-ajanga-portfolio@1.0.0 build
> npm run generate-seo && next build


> ancel-ajanga-portfolio@1.0.0 generate-seo
> node scripts/generate-sitemap.js && node scripts/generate-robots.js && node scripts/generate-sitemap-for-ai.js

Γ£à sitemap.xml generated with exact SGE specifications
Γ£à Robots.txt generated exactly as requested.
Wrote C:\Users\dunca\OneDrive\Desktop\portfolio-1\public\sitemap-for-ai.json ΓÇö 19 projects, 19 case studies, 18 articles, 6 guides, 4 expertise, 12 pages.
Γû▓ Next.js 16.2.2 (Turbopack)
- Environments: .env

  Running TypeScript ...
  Finished TypeScript in 20.0s ...
  Creating an optimized production build ...
node.exe : Browserslist: browsers 
data (caniuse-lite) is 7 months 
old. Please run:
At C:\Program 
Files\nodejs\npm.ps1:29 char:3
+   & $NODE_EXE $NPM_CLI_JS $args
+   ~~~~~~~~~~~~~~~~~~~~~~~~~~~~~
    + CategoryInfo          : NotS 
   pecified: (Browserslist: b...l  
  d. Please run::String) [], Rem   
 oteException
    + FullyQualifiedErrorId : Nati 
   veCommandError
 
  npx update-browserslist-db@latest
  Why you should do it regularly: h
ttps://github.com/browserslist/upda
te-db#readme
Γ£ô Compiled successfully in 6.2s
  Collecting page data using 7 workers ...
Γ¿» Conflicting paths returned 
from getStaticPaths, paths must be 
unique per page.
See more info here: https://nextjs.
org/docs/messages/conflicting-ssg-p
aths

path: 
"/expertise/system-architecture" 
from page: "/expertise/[slug]" 
conflicts with path: 
"/expertise/system-architecture" 
path: 
"/expertise/backend-engineering" 
from page: "/expertise/[slug]" 
conflicts with path: 
"/expertise/backend-engineering" 
path: 
"/expertise/frontend-engineering" 
from page: "/expertise/[slug]" 
conflicts with path: 
"/expertise/frontend-engineering" 

